Modules list:
-------------
startup.o:
    ZEROPAGE          Offs=000000  Size=000006  Align=00001  Fill=0000
    STARTUP           Offs=000000  Size=000047  Align=00001  Fill=0000
main.o:
    CODE              Offs=000000  Size=00167D  Align=00001  Fill=0000
    RODATA            Offs=000000  Size=00036A  Align=00001  Fill=0000
    BSS               Offs=000000  Size=000271  Align=00001  Fill=0000
C:/ProgramData/chocolatey/lib/cc65-compiler/tools/lib/none.lib(add.o):
    CODE              Offs=00167D  Size=00001C  Align=00001  Fill=0000
C:/ProgramData/chocolatey/lib/cc65-compiler/tools/lib/none.lib(addysp.o):
    CODE              Offs=001699  Size=00000E  Align=00001  Fill=0000
C:/ProgramData/chocolatey/lib/cc65-compiler/tools/lib/none.lib(bneg.o):
    CODE              Offs=0016A7  Size=00000E  Align=00001  Fill=0000
C:/ProgramData/chocolatey/lib/cc65-compiler/tools/lib/none.lib(call.o):
    CODE              Offs=0016B5  Size=000007  Align=00001  Fill=0000
C:/ProgramData/chocolatey/lib/cc65-compiler/tools/lib/none.lib(decax1.o):
    CODE              Offs=0016BC  Size=000007  Align=00001  Fill=0000
C:/ProgramData/chocolatey/lib/cc65-compiler/tools/lib/none.lib(decsp1.o):
    CODE              Offs=0016C3  Size=000009  Align=00001  Fill=0000
C:/ProgramData/chocolatey/lib/cc65-compiler/tools/lib/none.lib(decsp2.o):
    CODE              Offs=0016CC  Size=00000D  Align=00001  Fill=0000
C:/ProgramData/chocolatey/lib/cc65-compiler/tools/lib/none.lib(decsp3.o):
    CODE              Offs=0016D9  Size=00000D  Align=00001  Fill=0000
C:/ProgramData/chocolatey/lib/cc65-compiler/tools/lib/none.lib(decsp5.o):
    CODE              Offs=0016E6  Size=00000D  Align=00001  Fill=0000
C:/ProgramData/chocolatey/lib/cc65-compiler/tools/lib/none.lib(decsp7.o):
    CODE              Offs=0016F3  Size=00000D  Align=00001  Fill=0000
C:/ProgramData/chocolatey/lib/cc65-compiler/tools/lib/none.lib(icmp.o):
    CODE              Offs=001700  Size=00002E  Align=00001  Fill=0000
C:/ProgramData/chocolatey/lib/cc65-compiler/tools/lib/none.lib(incax1.o):
    CODE              Offs=00172E  Size=000007  Align=00001  Fill=0000
C:/ProgramData/chocolatey/lib/cc65-compiler/tools/lib/none.lib(incaxy.o):
    CODE              Offs=001735  Size=00000B  Align=00001  Fill=0000
C:/ProgramData/chocolatey/lib/cc65-compiler/tools/lib/none.lib(incsp1.o):
    CODE              Offs=001740  Size=000007  Align=00001  Fill=0000
C:/ProgramData/chocolatey/lib/cc65-compiler/tools/lib/none.lib(incsp2.o):
    CODE              Offs=001747  Size=000016  Align=00001  Fill=0000
C:/ProgramData/chocolatey/lib/cc65-compiler/tools/lib/none.lib(incsp3.o):
    CODE              Offs=00175D  Size=000005  Align=00001  Fill=0000
C:/ProgramData/chocolatey/lib/cc65-compiler/tools/lib/none.lib(incsp5.o):
    CODE              Offs=001762  Size=000005  Align=00001  Fill=0000
C:/ProgramData/chocolatey/lib/cc65-compiler/tools/lib/none.lib(incsp7.o):
    CODE              Offs=001767  Size=000005  Align=00001  Fill=0000
C:/ProgramData/chocolatey/lib/cc65-compiler/tools/lib/none.lib(incsp8.o):
    CODE              Offs=00176C  Size=000005  Align=00001  Fill=0000
C:/ProgramData/chocolatey/lib/cc65-compiler/tools/lib/none.lib(jmpvec.o):
    DATA              Offs=000000  Size=000003  Align=00001  Fill=0000
C:/ProgramData/chocolatey/lib/cc65-compiler/tools/lib/none.lib(ldaxi.o):
    CODE              Offs=001771  Size=00000D  Align=00001  Fill=0000
C:/ProgramData/chocolatey/lib/cc65-compiler/tools/lib/none.lib(ldaxsp.o):
    CODE              Offs=00177E  Size=000009  Align=00001  Fill=0000
C:/ProgramData/chocolatey/lib/cc65-compiler/tools/lib/none.lib(makebool.o):
    CODE              Offs=001787  Size=00002C  Align=00001  Fill=0000
C:/ProgramData/chocolatey/lib/cc65-compiler/tools/lib/none.lib(mul8.o):
    CODE              Offs=0017B3  Size=00003A  Align=00001  Fill=0000
C:/ProgramData/chocolatey/lib/cc65-compiler/tools/lib/none.lib(popptr1.o):
    CODE              Offs=0017ED  Size=00000E  Align=00001  Fill=0000
C:/ProgramData/chocolatey/lib/cc65-compiler/tools/lib/none.lib(pusha.o):
    CODE              Offs=0017FB  Size=000016  Align=00001  Fill=0000
C:/ProgramData/chocolatey/lib/cc65-compiler/tools/lib/none.lib(pushax.o):
    CODE              Offs=001811  Size=00001A  Align=00001  Fill=0000
C:/ProgramData/chocolatey/lib/cc65-compiler/tools/lib/none.lib(pushw.o):
    CODE              Offs=00182B  Size=00000F  Align=00001  Fill=0000
C:/ProgramData/chocolatey/lib/cc65-compiler/tools/lib/none.lib(udiv.o):
    CODE              Offs=00183A  Size=00004F  Align=00001  Fill=0000
C:/ProgramData/chocolatey/lib/cc65-compiler/tools/lib/none.lib(umod.o):
    CODE              Offs=001889  Size=000011  Align=00001  Fill=0000
C:/ProgramData/chocolatey/lib/cc65-compiler/tools/lib/none.lib(zeropage.o):
    ZEROPAGE          Offs=000006  Size=00001A  Align=00001  Fill=0000


Segment list:
-------------
Name                   Start     End    Size  Align
----------------------------------------------------
ZEROPAGE              000020  00003F  000020  00001
STARTUP               000800  000846  000047  00001
CODE                  000847  0020E0  00189A  00001
RODATA                0020E1  00244A  00036A  00001
DATA                  00244B  00244D  000003  00001
BSS                   00244E  0026BE  000271  00001


Exports list by name:
---------------------
__BSS_RUN__               00244E RLA    __BSS_SIZE__              000271 REA    
__STARTUP__               000001 REA    _main                     001A8D RLA    
addysp                    001EE1 RLA    bnega                     001EF2 RLA    
booleq                    001FD4 RLA    callax                    001EFC RLA    
decax1                    001F03 RLA    decsp1                    001F0A RLA    
decsp2                    001F13 RLA    decsp3                    001F20 RLA    
decsp5                    001F2D RLA    decsp7                    001F3A RLA    
incax1                    001F75 RLA    incaxy                    001F7E RLA    
incsp1                    001F87 RLA    incsp2                    001F96 RLA    
incsp3                    001FA4 RLA    incsp5                    001FA9 RLA    
incsp7                    001FAE RLA    incsp8                    001FB3 RLA    
jmpvec                    00244B RLA    ldaxi                     001FB8 RLA    
ldaxysp                   001FC7 RLA    popptr1                   002034 RLA    
ptr1                      00002E RLZ    ptr4                      000034 RLZ    
pusha                     002046 RLA    pusha0                    00205A RLA    
pushax                    00205C RLA    pushw                     002072 RLA    
sp                        000026 RLZ    sreg                      000028 RLZ    
tmp1                      000036 RLZ    tosadda0                  001EC4 RLA    
tosicmp0                  001F47 RLA    tosudiva0                 002081 RLA    
tosumoda0                 0020D0 RLA    tosumula0                 001FFA RLA    
udiv16                    002092 RLA    


Exports list by value:
----------------------
__STARTUP__               000001 REA    sp                        000026 RLZ    
sreg                      000028 RLZ    ptr1                      00002E RLZ    
ptr4                      000034 RLZ    tmp1                      000036 RLZ    
__BSS_SIZE__              000271 REA    _main                     001A8D RLA    
tosadda0                  001EC4 RLA    addysp                    001EE1 RLA    
bnega                     001EF2 RLA    callax                    001EFC RLA    
decax1                    001F03 RLA    decsp1                    001F0A RLA    
decsp2                    001F13 RLA    decsp3                    001F20 RLA    
decsp5                    001F2D RLA    decsp7                    001F3A RLA    
tosicmp0                  001F47 RLA    incax1                    001F75 RLA    
incaxy                    001F7E RLA    incsp1                    001F87 RLA    
incsp2                    001F96 RLA    incsp3                    001FA4 RLA    
incsp5                    001FA9 RLA    incsp7                    001FAE RLA    
incsp8                    001FB3 RLA    ldaxi                     001FB8 RLA    
ldaxysp                   001FC7 RLA    booleq                    001FD4 RLA    
tosumula0                 001FFA RLA    popptr1                   002034 RLA    
pusha                     002046 RLA    pusha0                    00205A RLA    
pushax                    00205C RLA    pushw                     002072 RLA    
tosudiva0                 002081 RLA    udiv16                    002092 RLA    
tosumoda0                 0020D0 RLA    jmpvec                    00244B RLA    
__BSS_RUN__               00244E RLA    


Imports list:
-------------
__BSS_RUN__ ([linker generated]):
    startup.o                 src/startup.s(12)
__BSS_SIZE__ ([linker generated]):
    startup.o                 src/startup.s(12)
__STARTUP__ (startup.o):
    main.o                    src/main.s(13)
_main (main.o):
    startup.o                 src/startup.s(11)
addysp (addysp.o):
    incsp8.o                  runtime/incsp8.s(8)
    incsp7.o                  runtime/incsp7.s(8)
    incsp5.o                  runtime/incsp5.s(8)
    incsp3.o                  runtime/incsp3.s(8)
bnega (bneg.o):
    main.o                    src/main.s(3151)
booleq (makebool.o):
    main.o                    src/main.s(3151)
callax (call.o):
    main.o                    src/main.s(3151)
    main.o                    src/main.s(3151)
decax1 (decax1.o):
    main.o                    src/main.s(3151)
    main.o                    src/main.s(3151)
decsp1 (decsp1.o):
    main.o                    src/main.s(3151)
    main.o                    src/main.s(3151)
    main.o                    src/main.s(3151)
    main.o                    src/main.s(3151)
    main.o                    src/main.s(3151)
    main.o                    src/main.s(3151)
decsp2 (decsp2.o):
    main.o                    src/main.s(3151)
decsp3 (decsp3.o):
    main.o                    src/main.s(3151)
    main.o                    src/main.s(3151)
decsp5 (decsp5.o):
    main.o                    src/main.s(3151)
decsp7 (decsp7.o):
    main.o                    src/main.s(3151)
incax1 (incax1.o):
    main.o                    src/main.s(3151)
incaxy (incaxy.o):
    main.o                    src/main.s(3151)
    main.o                    src/main.s(3151)
    main.o                    src/main.s(3151)
    main.o                    src/main.s(3151)
    main.o                    src/main.s(3151)
incsp1 (incsp1.o):
    main.o                    src/main.s(3151)
    main.o                    src/main.s(3151)
    main.o                    src/main.s(3151)
    main.o                    src/main.s(3151)
    main.o                    src/main.s(3151)
incsp2 (incsp2.o):
    popptr1.o                 runtime/popptr1.s(8)
    main.o                    src/main.s(3151)
    main.o                    src/main.s(3151)
    main.o                    src/main.s(3151)
    main.o                    src/main.s(3151)
    main.o                    src/main.s(3151)
    main.o                    src/main.s(3151)
    main.o                    src/main.s(3151)
    main.o                    src/main.s(3151)
    main.o                    src/main.s(3151)
    main.o                    src/main.s(3151)
incsp3 (incsp3.o):
    main.o                    src/main.s(3151)
    main.o                    src/main.s(3151)
    main.o                    src/main.s(3151)
    main.o                    src/main.s(3151)
incsp5 (incsp5.o):
    main.o                    src/main.s(3151)
    main.o                    src/main.s(3151)
incsp7 (incsp7.o):
    main.o                    src/main.s(3151)
incsp8 (incsp8.o):
    main.o                    src/main.s(3151)
jmpvec (jmpvec.o):
    main.o                    src/main.s(3151)
    main.o                    src/main.s(3151)
    main.o                    src/main.s(3151)
    main.o                    src/main.s(3151)
    main.o                    src/main.s(3151)
    main.o                    src/main.s(3151)
    main.o                    src/main.s(3151)
    main.o                    src/main.s(3151)
    main.o                    src/main.s(3151)
ldaxi (ldaxi.o):
    main.o                    src/main.s(3151)
ldaxysp (ldaxsp.o):
    main.o                    src/main.s(3151)
popptr1 (popptr1.o):
    umod.o                    runtime/umod.s(8)
    udiv.o                    runtime/udiv.s(9)
    mul8.o                    runtime/mul8.s(9)
ptr1 (zeropage.o):
    udiv.o                    runtime/udiv.s(10)
    pushw.o                   runtime/pushw.s(9)
    popptr1.o                 runtime/popptr1.s(9)
    mul8.o                    runtime/mul8.s(10)
    ldaxi.o                   runtime/ldaxi.s(8)
    call.o                    runtime/call.s(8)
    main.o                    src/main.s(11)
ptr4 (zeropage.o):
    umod.o                    runtime/umod.s(9)
    udiv.o                    runtime/udiv.s(10)
    mul8.o                    runtime/mul8.s(10)
pusha (pusha.o):
    main.o                    src/main.s(3151)
    main.o                    src/main.s(3151)
    main.o                    src/main.s(3151)
    main.o                    src/main.s(3151)
    main.o                    src/main.s(3151)
    main.o                    src/main.s(3151)
    main.o                    src/main.s(3151)
    main.o                    src/main.s(3151)
pusha0 (pushax.o):
    main.o                    src/main.s(3151)
    main.o                    src/main.s(3151)
    main.o                    src/main.s(3151)
    main.o                    src/main.s(3151)
    main.o                    src/main.s(3151)
    main.o                    src/main.s(3151)
    main.o                    src/main.s(3151)
    main.o                    src/main.s(3151)
pushax (pushax.o):
    pushw.o                   runtime/pushw.s(8)
    main.o                    src/main.s(3151)
    main.o                    src/main.s(3151)
    main.o                    src/main.s(3151)
    main.o                    src/main.s(3151)
    main.o                    src/main.s(3151)
    main.o                    src/main.s(3151)
    main.o                    src/main.s(3151)
    main.o                    src/main.s(3151)
    main.o                    src/main.s(3151)
    main.o                    src/main.s(3151)
    main.o                    src/main.s(3151)
    main.o                    src/main.s(3151)
    main.o                    src/main.s(3151)
    main.o                    src/main.s(3151)
pushw (pushw.o):
    main.o                    src/main.s(3151)
sp (zeropage.o):
    addysp.o                  runtime/addysp.s(8)
    pushax.o                  runtime/pushax.s(8)
    pusha.o                   runtime/pusha.s(8)
    popptr1.o                 runtime/popptr1.s(9)
    ldaxsp.o                  runtime/ldaxsp.s(8)
    incsp2.o                  runtime/incsp2.s(8)
    incsp1.o                  runtime/incsp1.s(8)
    icmp.o                    runtime/icmp.s(9)
    decsp7.o                  runtime/decsp7.s(8)
    decsp5.o                  runtime/decsp5.s(8)
    decsp3.o                  runtime/decsp3.s(8)
    decsp2.o                  runtime/decsp2.s(8)
    decsp1.o                  runtime/decsp1.s(8)
    add.o                     runtime/add.s(12)
    main.o                    src/main.s(10)
    startup.o                 src/startup.s(13)
sreg (zeropage.o):
    umod.o                    runtime/umod.s(9)
    udiv.o                    runtime/udiv.s(10)
    icmp.o                    runtime/icmp.s(9)
    main.o                    src/main.s(10)
tmp1 (zeropage.o):
    incaxy.o                  runtime/incaxy.s(8)
    add.o                     runtime/add.s(12)
    main.o                    src/main.s(11)
tosadda0 (add.o):
    main.o                    src/main.s(3151)
tosicmp0 (icmp.o):
    main.o                    src/main.s(3151)
    main.o                    src/main.s(3151)
tosudiva0 (udiv.o):
    main.o                    src/main.s(3151)
    main.o                    src/main.s(3151)
    main.o                    src/main.s(3151)
    main.o                    src/main.s(3151)
    main.o                    src/main.s(3151)
tosumoda0 (umod.o):
    main.o                    src/main.s(3151)
    main.o                    src/main.s(3151)
    main.o                    src/main.s(3151)
    main.o                    src/main.s(3151)
    main.o                    src/main.s(3151)
    main.o                    src/main.s(3151)
tosumula0 (mul8.o):
    main.o                    src/main.s(3151)
    main.o                    src/main.s(3151)
    main.o                    src/main.s(3151)
    main.o                    src/main.s(3151)
    main.o                    src/main.s(3151)
    main.o                    src/main.s(3151)
udiv16 (udiv.o):
    umod.o                    runtime/umod.s(8)

